Microchip MPLAB XC8 Compiler V2.40

Linker command line:

-W-3 \
  --edf=C:\Program Files\Microchip\xc8\v2.40\pic\dat\20220703182018_en.msgs \
  -cn -h+dist/default/production\codigo.X.production.sym \
  --cmf=dist/default/production\codigo.X.production.cmf -z -Q16F1827 \
  -oC:\Users\rrtc2\AppData\Local\Temp\xcAse8s.4 --defsym=__MPLAB_BUILD=1 \
  --fixupoverflow=error -Mdist/default/production/codigo.X.production.map \
  --md=C:\Users\rrtc2\AppData\Local\Temp\xcAse8s.dat -E1 -ver=XC8 Compiler \
  --acfsm=1493 -ACODE=00h-07FFhx2 -ASTRCODE=00h-0FFFh -ASTRING=00h-0FFhx16 \
  -ACONST=00h-0FFhx16 -AENTRY=00h-0FFhx16 -ACOMMON=070h-07Fh \
  -ABANK0=020h-06Fh -ABANK1=0A0h-0EFh -ABANK2=0120h-016Fh \
  -ABANK3=01A0h-01EFh -ABANK4=0220h-024Fh -ABIGRAM=02000h-0216Fh \
  -ARAM=020h-06Fh,0A0h-0EFh,0120h-016Fh,01A0h-01EFh,0220h-024Fh \
  -AABS1=020h-07Fh,0A0h-0EFh,0120h-016Fh,01A0h-01EFh,0220h-024Fh \
  -ASFR0=00h-01Fh -ASFR1=080h-09Fh -ASFR2=0100h-011Fh -ASFR3=0180h-019Fh \
  -ASFR4=0200h-021Fh -ASFR5=0280h-02EFh -ASFR6=0300h-036Fh \
  -ASFR7=0380h-03EFh -ASFR8=0400h-046Fh -ASFR9=0480h-04EFh \
  -ASFR10=0500h-056Fh -ASFR11=0580h-05EFh -ASFR12=0600h-066Fh \
  -ASFR13=0680h-06EFh -ASFR14=0700h-076Fh -ASFR15=0780h-07EFh \
  -ASFR16=0800h-086Fh -ASFR17=0880h-08EFh -ASFR18=0900h-096Fh \
  -ASFR19=0980h-09EFh -ASFR20=0A00h-0A6Fh -ASFR21=0A80h-0AEFh \
  -ASFR22=0B00h-0B6Fh -ASFR23=0B80h-0BEFh -ASFR24=0C00h-0C6Fh \
  -ASFR25=0C80h-0CEFh -ASFR26=0D00h-0D6Fh -ASFR27=0D80h-0DEFh \
  -ASFR28=0E00h-0E6Fh -ASFR29=0E80h-0EEFh -ASFR30=0F00h-0F6Fh \
  -ASFR31=0F80h-0FEFh -ACONFIG=08007h-08008h -DCONFIG=2 \
  -AIDLOC=08000h-08003h -DIDLOC=2 -AEEDATA=00h-0FFh/0F000h \
  -peeprom_data=EEDATA -DEEDATA=2 -DCODE=2 -DSTRCODE=2 -DSTRING=2 -DCONST=2 \
  -DENTRY=2 -preset_vec=00h,intentry,init,end_init -ppowerup=CODE \
  -pcinit=CODE -pfunctab=ENTRY -k \
  C:\Users\rrtc2\AppData\Local\Temp\xcAse8s.o \
  dist/default/production\codigo.X.production.o 

Object code version is 3.11

Machine type is 16F1827



                Name                               Link     Load   Length Selector   Space Scale
C:\Users\rrtc2\AppData\Local\Temp\xcAse8s.o
                end_init                              2        2        2        0       0
                reset_vec                             0        0        2        0       0
                config                             8007     8007        2        0       4
                idloc                              8000     8000        4        0       5
dist/default/production\codigo.X.production.o
                cinit                               7E9      7E9       17      FD2       0
                config                             8007     8007        2        0       4
                idloc                              8000     8000        4        0       5
                text13                              3FC      3FC       13      7F8       0
                text12                              656      656       90      CAC       0
                text11                              5DA      5DA       7C      BB4       0
                text10                              464      464       33      8C8       0
                text9                               6E6      6E6      103      DCC       0
                text8                               3E6      3E6        9      7CC       0
                text7                               423      423       16      846       0
                text6                               3EF      3EF        D      7DE       0
                text5                               507      507       3D      A0E       0
                text4                               439      439       2B      872       0
                text3                               497      497       35      92E       0
                text2                               4CC      4CC       3B      998       0
                text1                               58B      58B       4F      B16       0
                maintext                            544      544       47      A88       0
                cstackBANK0                          20       20       2A       20       1
                cstackCOMMON                         70       70        E       70       1
                clrtext                             3DA      3DA        6      7B4       0
                inittext                            3E0      3E0        6      7C0       0
                dataBANK1                            A0       A0       14       A0       1
                bssBANK0                             4A       4A       13       20       1
                idataBANK1                          40F      40F       14      81E       0

TOTAL           Name                               Link     Load   Length     Space
        CLASS   CODE           
                end_init                              2        2        2         0
                cinit                               7E9      7E9       17         0
                reset_vec                             0        0        2         0
                text13                              3FC      3FC       13         0
                text12                              656      656       90         0
                text11                              5DA      5DA       7C         0
                text10                              464      464       33         0
                text9                               6E6      6E6      103         0
                text8                               3E6      3E6        9         0
                text7                               423      423       16         0
                text6                               3EF      3EF        D         0
                text5                               507      507       3D         0
                text4                               439      439       2B         0
                text3                               497      497       35         0
                text2                               4CC      4CC       3B         0
                text1                               58B      58B       4F         0
                maintext                            544      544       47         0
                clrtext                             3DA      3DA        6         0
                inittext                            3E0      3E0        6         0
                idataBANK1                          40F      40F       14         0

        CLASS   STRCODE        

        CLASS   STRING         

        CLASS   CONST          

        CLASS   ENTRY          

        CLASS   COMMON         
                cstackCOMMON                         70       70        E         1

        CLASS   BANK0          
                cstackBANK0                          20       20       2A         1
                bssBANK0                             4A       4A       13         1

        CLASS   BANK1          
                dataBANK1                            A0       A0       14         1

        CLASS   BANK2          

        CLASS   BANK3          

        CLASS   BANK4          

        CLASS   BIGRAM         

        CLASS   RAM            

        CLASS   ABS1           
                abs_s1                               7E       7E        2         1

        CLASS   SFR0           

        CLASS   SFR1           

        CLASS   SFR2           

        CLASS   SFR3           

        CLASS   SFR4           

        CLASS   SFR5           

        CLASS   SFR6           

        CLASS   SFR7           

        CLASS   SFR8           

        CLASS   SFR9           

        CLASS   SFR10          

        CLASS   SFR11          

        CLASS   SFR12          

        CLASS   SFR13          

        CLASS   SFR14          

        CLASS   SFR15          

        CLASS   SFR16          

        CLASS   SFR17          

        CLASS   SFR18          

        CLASS   SFR19          

        CLASS   SFR20          

        CLASS   SFR21          

        CLASS   SFR22          

        CLASS   SFR23          

        CLASS   SFR24          

        CLASS   SFR25          

        CLASS   SFR26          

        CLASS   SFR27          

        CLASS   SFR28          

        CLASS   SFR29          

        CLASS   SFR30          

        CLASS   SFR31          

        CLASS   CONFIG         
                config                             8007     8007        2         4

        CLASS   IDLOC          
                idloc                              8000     8000        4         5

        CLASS   EEDATA         

        CLASS   BANK31         

        CLASS   BANK30         

        CLASS   BANK29         

        CLASS   BANK28         

        CLASS   BANK27         

        CLASS   BANK26         

        CLASS   BANK25         

        CLASS   BANK24         

        CLASS   BANK23         

        CLASS   BANK22         

        CLASS   BANK21         

        CLASS   BANK20         

        CLASS   BANK19         

        CLASS   BANK18         

        CLASS   BANK17         

        CLASS   BANK16         

        CLASS   BANK15         

        CLASS   BANK14         

        CLASS   BANK13         

        CLASS   BANK12         

        CLASS   BANK11         

        CLASS   BANK10         

        CLASS   BANK9          

        CLASS   BANK8          

        CLASS   BANK7          

        CLASS   BANK6          

        CLASS   BANK5          

        CLASS   HEAP           

        CLASS   STACK          



SEGMENTS        Name                           Load    Length   Top    Selector   Space  Class     Delta

                reset_vec                      000000  000004  000004         0       0  CODE        2
                cstackBANK0                    000020  00003D  00005D        20       1  BANK0       1
                cstackCOMMON                   000070  00000E  00007E        70       1  COMMON      1
                dataBANK1                      0000A0  000014  0000B4        A0       1  BANK1       1
                clrtext                        0003DA  000006  0003E0       7B4       0  CODE        2
                inittext                       0003E0  000006  0003E6       7C0       0  CODE        2
                text8                          0003E6  000009  0003EF       7CC       0  CODE        2
                text6                          0003EF  00000D  0003FC       7DE       0  CODE        2
                text13                         0003FC  000013  00040F       7F8       0  CODE        2
                idataBANK1                     00040F  000014  000423       81E       0  CODE        2
                text7                          000423  000016  000439       846       0  CODE        2
                text4                          000439  00002B  000464       872       0  CODE        2
                text10                         000464  000033  000497       8C8       0  CODE        2
                text3                          000497  000035  0004CC       92E       0  CODE        2
                text2                          0004CC  00003B  000507       998       0  CODE        2
                text5                          000507  00003D  000544       A0E       0  CODE        2
                maintext                       000544  000047  00058B       A88       0  CODE        2
                text1                          00058B  00004F  0005DA       B16       0  CODE        2
                text11                         0005DA  00007C  000656       BB4       0  CODE        2
                text12                         000656  000090  0006E6       CAC       0  CODE        2
                text9                          0006E6  000103  0007E9       DCC       0  CODE        2
                cinit                          0007E9  000017  000800       FD2       0  CODE        2


UNUSED ADDRESS RANGES

        Name                Unused          Largest block    Delta
        BANK0            0005D-0006F              13           1
        BANK1            000B4-000EF              3C           1
        BANK2            00120-0016F              50           1
        BANK3            001A0-001EF              50           1
        BANK4            00220-0024F              30           1
        BIGRAM           02000-0216F             170           1
        CODE             00004-003D9             3D6           2
                         00800-00FFF             800
        CONST            00004-003D9             100           2
                         00800-00FFF             100
        EEDATA           0F000-0F0FF             100           2
        ENTRY            00004-003D9             100           2
                         00800-00FFF             100
        RAM              0005D-0006F              13           1
                         000B4-000EF              3C
                         00120-0016F              50
                         001A0-001EF              50
                         00220-0024F              30
        SFR0             00000-0001F              20           1
        SFR1             00080-0009F              20           1
        SFR10            00500-0056F              70           1
        SFR11            00580-005EF              70           1
        SFR12            00600-0066F              70           1
        SFR13            00680-006EF              70           1
        SFR14            00700-0076F              70           1
        SFR15            00780-007EF              70           1
        SFR16            00800-0086F              70           1
        SFR17            00880-008EF              70           1
        SFR18            00900-0096F              70           1
        SFR19            00980-009EF              70           1
        SFR2             00100-0011F              20           1
        SFR20            00A00-00A6F              70           1
        SFR21            00A80-00AEF              70           1
        SFR22            00B00-00B6F              70           1
        SFR23            00B80-00BEF              70           1
        SFR24            00C00-00C6F              70           1
        SFR25            00C80-00CEF              70           1
        SFR26            00D00-00D6F              70           1
        SFR27            00D80-00DEF              70           1
        SFR28            00E00-00E6F              70           1
        SFR29            00E80-00EEF              70           1
        SFR3             00180-0019F              20           1
        SFR30            00F00-00F6F              70           1
        SFR31            00F80-00FEF              70           1
        SFR4             00200-0021F              20           1
        SFR5             00280-002EF              70           1
        SFR6             00300-0036F              70           1
        SFR7             00380-003EF              70           1
        SFR8             00400-0046F              70           1
        SFR9             00480-004EF              70           1
        STRCODE          00004-003D9             3D6           2
                         00800-00FFF             800
        STRING           00004-003D9             100           2
                         00800-00FFF             100

                                  Symbol Table

?___aldiv                cstackBANK0  00020
?___almod                cstackBANK0  0002E
?___lmul                 cstackCOMMON 00070
?_readADC                cstackCOMMON 00070
ASCII_Con@a              cstackCOMMON 00070
ASCII_Con@b              cstackCOMMON 00072
ASCII_Con@c              cstackCOMMON 00074
ASCII_Con@r              bssBANK0     0004A
BinTOBcd@iADC            cstackBANK0  00038
BinTOBcd@r               bssBANK0     00057
UART_print@cadena        cstackCOMMON 00072
UART_write@c             cstackCOMMON 00070
_ADCON0bits              (abs)        0009D
_ADCON1bits              (abs)        0009E
_ADRESH                  (abs)        0009C
_ADRESL                  (abs)        0009B
_ANSELAbits              (abs)        0018C
_ANSELBbits              (abs)        0018D
_APFCON1bits             (abs)        0011E
_ASCII_Con               text13       003FC
_BAUDCONbits             (abs)        0019F
_BinTOBcd                text9        006E6
_BinTOBcd$1203           cstackBANK0  00040
_BinTOBcd$1204           cstackBANK0  0003C
_FVRCONbits              (abs)        00117
_LATAbits                (abs)        0010C
_LATBbits                (abs)        0010D
_OSCCONbits              (abs)        00099
_RCSTAbits               (abs)        0019D
_SPBRG                   (abs)        0019B
_TRISAbits               (abs)        0008C
_TRISBbits               (abs)        0008D
_TXREG                   (abs)        0019A
_TXSTAbits               (abs)        0019E
_UART_print              text7        00423
_UART_write              text8        003E6
__Habs1                  abs1         00000
__Hbank0                 bank0        00000
__Hbank1                 bank1        00000
__Hbank10                bank10       00000
__Hbank11                bank11       00000
__Hbank12                bank12       00000
__Hbank13                bank13       00000
__Hbank14                bank14       00000
__Hbank15                bank15       00000
__Hbank16                bank16       00000
__Hbank17                bank17       00000
__Hbank18                bank18       00000
__Hbank19                bank19       00000
__Hbank2                 bank2        00000
__Hbank20                bank20       00000
__Hbank21                bank21       00000
__Hbank22                bank22       00000
__Hbank23                bank23       00000
__Hbank24                bank24       00000
__Hbank25                bank25       00000
__Hbank26                bank26       00000
__Hbank27                bank27       00000
__Hbank28                bank28       00000
__Hbank29                bank29       00000
__Hbank3                 bank3        00000
__Hbank30                bank30       00000
__Hbank31                bank31       00000
__Hbank4                 bank4        00000
__Hbank5                 bank5        00000
__Hbank6                 bank6        00000
__Hbank7                 bank7        00000
__Hbank8                 bank8        00000
__Hbank9                 bank9        00000
__Hbigram                bigram       00000
__HbssBANK0              bssBANK0     00000
__Hcinit                 cinit        00800
__Hclrtext               clrtext      00000
__Hcode                  code         00000
__Hcommon                common       00000
__Hconfig                config       08009
__HcstackBANK0           cstackBANK0  00000
__HcstackCOMMON          cstackCOMMON 00000
__HdataBANK1             dataBANK1    00000
__Heeprom_data           eeprom_data  00000
__Hend_init              end_init     00004
__Hfunctab               functab      00000
__Hheap                  heap         00000
__HidataBANK1            idataBANK1   00000
__Hidloc                 idloc        08004
__Hinit                  init         00002
__Hinittext              inittext     00000
__Hintentry              intentry     00002
__Hmaintext              maintext     00000
__Hpowerup               powerup      00000
__Hram                   ram          00000
__Hreset_vec             reset_vec    00002
__Hsfr0                  sfr0         00000
__Hsfr1                  sfr1         00000
__Hsfr10                 sfr10        00000
__Hsfr11                 sfr11        00000
__Hsfr12                 sfr12        00000
__Hsfr13                 sfr13        00000
__Hsfr14                 sfr14        00000
__Hsfr15                 sfr15        00000
__Hsfr16                 sfr16        00000
__Hsfr17                 sfr17        00000
__Hsfr18                 sfr18        00000
__Hsfr19                 sfr19        00000
__Hsfr2                  sfr2         00000
__Hsfr20                 sfr20        00000
__Hsfr21                 sfr21        00000
__Hsfr22                 sfr22        00000
__Hsfr23                 sfr23        00000
__Hsfr24                 sfr24        00000
__Hsfr25                 sfr25        00000
__Hsfr26                 sfr26        00000
__Hsfr27                 sfr27        00000
__Hsfr28                 sfr28        00000
__Hsfr29                 sfr29        00000
__Hsfr3                  sfr3         00000
__Hsfr30                 sfr30        00000
__Hsfr31                 sfr31        00000
__Hsfr4                  sfr4         00000
__Hsfr5                  sfr5         00000
__Hsfr6                  sfr6         00000
__Hsfr7                  sfr7         00000
__Hsfr8                  sfr8         00000
__Hsfr9                  sfr9         00000
__Hspace_0               (abs)        00800
__Hspace_1               (abs)        000B4
__Hspace_2               (abs)        00000
__Hspace_3               (abs)        00000
__Hspace_4               (abs)        10010
__Hstack                 stack        00000
__Hstrings               strings      00000
__Htext                  text         00000
__Labs1                  abs1         00000
__Lbank0                 bank0        00000
__Lbank1                 bank1        00000
__Lbank10                bank10       00000
__Lbank11                bank11       00000
__Lbank12                bank12       00000
__Lbank13                bank13       00000
__Lbank14                bank14       00000
__Lbank15                bank15       00000
__Lbank16                bank16       00000
__Lbank17                bank17       00000
__Lbank18                bank18       00000
__Lbank19                bank19       00000
__Lbank2                 bank2        00000
__Lbank20                bank20       00000
__Lbank21                bank21       00000
__Lbank22                bank22       00000
__Lbank23                bank23       00000
__Lbank24                bank24       00000
__Lbank25                bank25       00000
__Lbank26                bank26       00000
__Lbank27                bank27       00000
__Lbank28                bank28       00000
__Lbank29                bank29       00000
__Lbank3                 bank3        00000
__Lbank30                bank30       00000
__Lbank31                bank31       00000
__Lbank4                 bank4        00000
__Lbank5                 bank5        00000
__Lbank6                 bank6        00000
__Lbank7                 bank7        00000
__Lbank8                 bank8        00000
__Lbank9                 bank9        00000
__Lbigram                bigram       00000
__LbssBANK0              bssBANK0     00000
__Lcinit                 cinit        007E9
__Lclrtext               clrtext      00000
__Lcode                  code         00000
__Lcommon                common       00000
__Lconfig                config       00000
__LcstackBANK0           cstackBANK0  00000
__LcstackCOMMON          cstackCOMMON 00000
__LdataBANK1             dataBANK1    00000
__Leeprom_data           eeprom_data  00000
__Lend_init              end_init     00002
__Lfunctab               functab      00000
__Lheap                  heap         00000
__LidataBANK1            idataBANK1   00000
__Lidloc                 idloc        00000
__Linit                  init         00002
__Linittext              inittext     00000
__Lintentry              intentry     00002
__Lmaintext              maintext     00000
__Lpowerup               powerup      00000
__Lram                   ram          00000
__Lreset_vec             reset_vec    00000
__Lsfr0                  sfr0         00000
__Lsfr1                  sfr1         00000
__Lsfr10                 sfr10        00000
__Lsfr11                 sfr11        00000
__Lsfr12                 sfr12        00000
__Lsfr13                 sfr13        00000
__Lsfr14                 sfr14        00000
__Lsfr15                 sfr15        00000
__Lsfr16                 sfr16        00000
__Lsfr17                 sfr17        00000
__Lsfr18                 sfr18        00000
__Lsfr19                 sfr19        00000
__Lsfr2                  sfr2         00000
__Lsfr20                 sfr20        00000
__Lsfr21                 sfr21        00000
__Lsfr22                 sfr22        00000
__Lsfr23                 sfr23        00000
__Lsfr24                 sfr24        00000
__Lsfr25                 sfr25        00000
__Lsfr26                 sfr26        00000
__Lsfr27                 sfr27        00000
__Lsfr28                 sfr28        00000
__Lsfr29                 sfr29        00000
__Lsfr3                  sfr3         00000
__Lsfr30                 sfr30        00000
__Lsfr31                 sfr31        00000
__Lsfr4                  sfr4         00000
__Lsfr5                  sfr5         00000
__Lsfr6                  sfr6         00000
__Lsfr7                  sfr7         00000
__Lsfr8                  sfr8         00000
__Lsfr9                  sfr9         00000
__Lspace_0               (abs)        00000
__Lspace_1               (abs)        00000
__Lspace_2               (abs)        00000
__Lspace_3               (abs)        00000
__Lspace_4               (abs)        00000
__Lstack                 stack        00000
__Lstrings               strings      00000
__Ltext                  text         00000
__S0                     (abs)        00800
__S1                     (abs)        000B4
__S3                     (abs)        00000
___aldiv                 text12       00656
___aldiv@counter         cstackBANK0  00028
___aldiv@dividend        cstackBANK0  00024
___aldiv@divisor         cstackBANK0  00020
___aldiv@quotient        cstackBANK0  0002A
___aldiv@sign            cstackBANK0  00029
___almod                 text11       005DA
___almod@counter         cstackBANK0  00036
___almod@dividend        cstackBANK0  00032
___almod@divisor         cstackBANK0  0002E
___almod@sign            cstackBANK0  00037
___heap_hi               (abs)        00000
___heap_lo               (abs)        00000
___int_sp                stack        00000
___latbits               (abs)        00001
___lmul                  text10       00464
___lmul@multiplicand     cstackCOMMON 00074
___lmul@multiplier       cstackCOMMON 00070
___lmul@product          cstackCOMMON 00078
___sp                    stack        00000
___stackhi               (abs)        00000
___stacklo               (abs)        00000
__end_of_ASCII_Con       text13       0040F
__end_of_BinTOBcd        text9        007E9
__end_of_UART_print      text7        00439
__end_of_UART_write      text8        003EF
__end_of___aldiv         text12       006E6
__end_of___almod         text11       00656
__end_of___lmul          text10       00497
__end_of__initialization cinit        007FD
__end_of_init_IO         text5        00544
__end_of_init_UART       text6        003FC
__end_of_main            maintext     0058B
__end_of_readADC         text4        00464
__end_of_seg7            text3        004CC
__end_of_showNumber      text2        00507
__end_of_showNumbers     text1        005DA
__initialization         cinit        007E9
__pbssBANK0              bssBANK0     0004A
__pcstackBANK0           cstackBANK0  00020
__pcstackCOMMON          cstackCOMMON 00070
__pdataBANK1             dataBANK1    000A0
__pidataBANK1            idataBANK1   0040F
__pmaintext              maintext     00544
__ptext1                 text1        0058B
__ptext10                text10       00464
__ptext11                text11       005DA
__ptext12                text12       00656
__ptext13                text13       003FC
__ptext2                 text2        004CC
__ptext3                 text3        00497
__ptext4                 text4        00439
__ptext5                 text5        00507
__ptext6                 text6        003EF
__ptext7                 text7        00423
__ptext8                 text8        003E6
__ptext9                 text9        006E6
_init_IO                 text5        00507
_init_UART               text6        003EF
_main                    maintext     00544
_readADC                 text4        00439
_seg7                    text3        00497
_showNumber              text2        004CC
_showNumbers             text1        0058B
btemp                    (abs)        0007E
clear_ram0               clrtext      003DA
end_of_initialization    cinit        007FD
init_ram                 inittext     003E0
intlevel0                functab      00000
intlevel1                functab      00000
intlevel2                functab      00000
intlevel3                functab      00000
intlevel4                functab      00000
intlevel5                functab      00000
main@A                   cstackBANK0  00048
main@B                   cstackBANK0  00049
main@iADC                cstackBANK0  00044
readADC@r                cstackCOMMON 00079
reset_vec                reset_vec    00000
seg7@F2503               dataBANK1    000A0
seg7@iBCD                cstackBANK0  00034
seg7@numbers             cstackBANK0  00020
seg7@r                   bssBANK0     00051
showNumber@digit         cstackCOMMON 00070
showNumbers@digits       cstackCOMMON 00075
start                    init         00002
start_initialization     cinit        007E9
wtemp0                   (abs)        0007E


MODULE INFORMATION

Module		Function		Class		Link	Load	Size
C:\Program Files\Microchip\xc8\v2.40\pic\sources\c99\common\aldiv.c
		___aldiv       		CODE           	0656	0000	144

C:\Program Files\Microchip\xc8\v2.40\pic\sources\c99\common\aldiv.c estimated size: 144

newmain.c
		_main          		CODE           	0544	0000	71

newmain.c estimated size: 71

C:\Program Files\Microchip\xc8\v2.40\pic\sources\c99\common\Umul32.c
		___lmul        		CODE           	0464	0000	51

C:\Program Files\Microchip\xc8\v2.40\pic\sources\c99\common\Umul32.c estimated size: 51

init_IO.c
		_init_IO       		CODE           	0507	0000	61

init_IO.c estimated size: 61

funtions_magic.c
		_ASCII_Con     		CODE           	03FC	0000	19
		_showNumber    		CODE           	04CC	0000	59
		_showNumbers   		CODE           	058B	0000	79
		_init_UART     		CODE           	03EF	0000	13
		_BinTOBcd      		CODE           	06E6	0000	259
		_UART_print    		CODE           	0423	0000	22
		_seg7          		CODE           	0497	0000	53
		_UART_write    		CODE           	03E6	0000	9
		_readADC       		CODE           	0439	0000	43

funtions_magic.c estimated size: 556

shared
		__initialization		CODE           	07E9	0000	20

shared estimated size: 20

C:\Program Files\Microchip\xc8\v2.40\pic\sources\c99\common\almod.c
		___almod       		CODE           	05DA	0000	124

C:\Program Files\Microchip\xc8\v2.40\pic\sources\c99\common\almod.c estimated size: 124

